// Jest Snapshot v1, https://goo.gl/fbAQLP

exports[`Post Author should render SimpleIcons for every social icon 1`] = `
<aside
  className="post_author"
>
  <figure
    className="post_author__avatar"
  >
    <Image
      Tag="div"
      alt=""
      fadeIn={true}
      sizes={
        Object {
          "aspectRatio": 1,
          "sizes": "sizes",
          "src": "src",
          "srcSet": "srcSet",
        }
      }
    />
  </figure>
  <div
    className="post_author__bio"
  >
    <h4
      className="post_author__name"
    >
      Test Name
    </h4>
    <p
      className="post_author__about"
    >
      Lorem Ipsum
    </p>
    <span
      className="post_author__location"
    >
      <ByteIcon
        bold={false}
        className="post_author__location_icon"
        icon="location"
      />
       
      Test Location
    </span>
    <SocialLink
      key="Test Service 1"
      service="Test Service 1"
      url="Url 1"
    />
    <SocialLink
      key="Test Service 2"
      service="Test Service 2"
      url="Url 2"
    />
  </div>
</aside>
`;

exports[`Post Author should render a Gatsby Image 1`] = `
<aside
  className="post_author"
>
  <figure
    className="post_author__avatar"
  >
    <Image
      Tag="div"
      alt=""
      fadeIn={true}
      sizes={
        Object {
          "aspectRatio": 1,
          "sizes": "sizes",
          "src": "src",
          "srcSet": "srcSet",
        }
      }
    />
  </figure>
  <div
    className="post_author__bio"
  >
    <h4
      className="post_author__name"
    >
      Test Name
    </h4>
    <p
      className="post_author__about"
    >
      Lorem Ipsum
    </p>
    <span
      className="post_author__location"
    >
      <ByteIcon
        bold={false}
        className="post_author__location_icon"
        icon="location"
      />
       
      Test Location
    </span>
    <SocialLink
      key="Test Service 1"
      service="Test Service 1"
      url="Url 1"
    />
    <SocialLink
      key="Test Service 2"
      service="Test Service 2"
      url="Url 2"
    />
  </div>
</aside>
`;
