// Jest Snapshot v1, https://goo.gl/fbAQLP

exports[`Post Author should match the exact snapshot 1`] = `
<aside
  className="post_author"
>
  <figure
    className="post_author__avatar avatar"
  >
    <div
      className=" gatsby-image-outer-wrapper"
      style={
        Object {
          "position": "relative",
        }
      }
    >
      <div
        className=" gatsby-image-wrapper"
        style={
          Object {
            "overflow": "hidden",
            "position": "relative",
          }
        }
      >
        <div
          style={
            Object {
              "paddingBottom": "100%",
              "width": "100%",
            }
          }
        />
        <img
          alt=""
          onLoad={[Function]}
          sizes="sizes"
          src="src"
          srcSet="srcSet"
          style={
            Object {
              "height": "100%",
              "left": 0,
              "objectFit": "cover",
              "objectPosition": "center",
              "opacity": 1,
              "position": "absolute",
              "top": 0,
              "transition": "opacity 0.5s",
              "width": "100%",
            }
          }
          title={undefined}
        />
        <noscript
          dangerouslySetInnerHTML={
            Object {
              "__html": "<img width=\\"\\" height=\\"\\" src=\\"src\\" srcset=\\"srcSet\\" alt=\\"\\" title=\\"\\" sizes=\\"sizes\\" style=\\"position:absolute;top:0;left:0;transition:opacity 0.5s;transition-delay:0.5s;opacity:1;width:100%;height:100%;object-fit:cover;object-position:center\\"/>",
            }
          }
        />
      </div>
    </div>
  </figure>
  <div
    className="post_author__bio"
  >
    <h4
      className="post_author__name"
    >
      Test Name
    </h4>
    <p
      className="post_author__about"
    >
      Lorem Ipsum
    </p>
    <span
      className="post_author__location"
    >
      <svg
        className="byte_icon byte_icon__location post_author__location_icon"
        viewBox="0 0 32 32"
        xmlns="http://www.w3.org/2000/svg"
      >
        <path />
      </svg>
       
      Test Location
    </span>
    <a
      className="post_author__social"
      href="Url 1"
    >
      <svg
        className="simple_icon simple_icon__test service 1 post_author__social_icon"
        style={Object {}}
        viewBox="0 0 24 24"
        xmlns="http://www.w3.org/2000/svg"
      >
        <path />
      </svg>
    </a>
    <a
      className="post_author__social"
      href="Url 2"
    >
      <svg
        className="simple_icon simple_icon__test service 2 post_author__social_icon"
        style={Object {}}
        viewBox="0 0 24 24"
        xmlns="http://www.w3.org/2000/svg"
      >
        <path />
      </svg>
    </a>
  </div>
</aside>
`;
