// Jest Snapshot v1, https://goo.gl/fbAQLP

exports[`Post NavigationLink should render a NavigationLink with a Gatsby Link 1`] = `
<GatsbyLink
  className="post_navigation__link testClassName"
  to="testPath"
>
  <section
    className="post_navigation__teaser"
  >
    <div
      className="post_navigation__icon"
    >
      <ByteIcon
        bold={false}
        className=""
        icon="testIcon"
      />
    </div>
    <h2
      className="post_navigation__title"
    >
      testTitle
    </h2>
    <p
      className="post_navigation__excerpt"
    >
      testExcerpt
    </p>
  </section>
</GatsbyLink>
`;
