// Jest Snapshot v1, https://goo.gl/fbAQLP

exports[`PostsIndex Header should render a HeroHeader 1`] = `
<HeroHeader
  className="posts_index_header posts_index_header--has_image"
  image={
    Object {
      "size": Object {
        "src": "testSrc",
      },
    }
  }
>
  <h1
    className="posts_index_header__title posts_index_header__title--has_image"
  >
    Test title
  </h1>
  <span
    className="posts_index_header__body posts_index_header__body--has_image"
  >
    Test description
  </span>
</HeroHeader>
`;
