// Jest Snapshot v1, https://goo.gl/fbAQLP

exports[`PostsIndex TagLinks should render a link to the tag page for every tag 1`] = `
<span>
   on 
  <span
    key="tag1"
  >
    <GatsbyLink
      to="/tags/tag1"
    >
      Tag 1
    </GatsbyLink>
    , 
  </span>
  <span
    key="Tag 2"
  >
    <GatsbyLink
      to="/tags/tag2"
    >
      Tag 2
    </GatsbyLink>
  </span>
</span>
`;
